// Jest Snapshot v1, https://goo.gl/fbAQLP

exports[`should render Expense List Filters correctly 1`] = `undefined`;
