// Jest Snapshot v1, https://goo.gl/fbAQLP

exports[`should render Not Found Page correctly 1`] = `
<div>
  NotFoundPage - 
  <Link
    replace={false}
    to="/"
  >
    Go Home
  </Link>
</div>
`;
